In the pathController, the fs.readFile (  ... ) not find the traktorok.json file